{"logTime": "1124/163445", "correlationVector":"VFWE5enczlIj3r5jthRpQj.1","action":"SyncServerConnectionManagerRequest", "result":"SYNC_SERVER_OK", "context":{"environment":"Prod_JapanEast_000f", "migrationStage":"NotStarted", "server":"GENERAL0100001M"}}
{"logTime": "1124/163445", "correlationVector":"SqcDyoMRbzQNgb0LIfN58v","action":"SyncServerConnectionManagerRequest", "result":"SYNC_SERVER_OK", "context":{"environment":"", "migrationStage":"", "server":""}}
{"logTime": "1124/163445", "correlationVector":"VFWE5enczlIj3r5jthRpQj","action":"Initial GetUpdates", "result":"", "context":Reason: NEW_CLIENT. cV=VFWE5enczlIj3r5jthRpQj}
{"logTime": "1124/163445", "correlationVector":"VFWE5enczlIj3r5jthRpQj.2","action":"GetUpdates Response", "result":"Success", "context":Received 1 update(s). cV=VFWE5enczlIj3r5jthRpQj.0;server=GENERAL0100001M;cloudType=Consumer;environment=Prod_JapanEast_000f;migrationStage=NotStarted}
{"logTime": "1124/163445", "correlationVector":"b/ivhAu+Ij1LNhWflv3C1i","action":"Initial GetUpdates", "result":"", "context":Reason: NEWLY_SUPPORTED_DATATYPE. cV=b/ivhAu+Ij1LNhWflv3C1i}
{"logTime": "1124/163446", "correlationVector":"b/ivhAu+Ij1LNhWflv3C1i.1","action":"SyncServerConnectionManagerRequest", "result":"SYNC_SERVER_OK", "context":{"environment":"Prod_JapanEast_000f", "migrationStage":"NotStarted", "server":"GENERAL1100000O"}}
{"logTime": "1124/163446", "correlationVector":"b/ivhAu+Ij1LNhWflv3C1i.2","action":"GetUpdates Response", "result":"Success", "context":Received 87 update(s). cV=b/ivhAu+Ij1LNhWflv3C1i.0;server=GENERAL1100000O;cloudType=Consumer;environment=Prod_JapanEast_000f;migrationStage=NotStarted}
{"logTime": "1124/163446", "correlationVector":"rtnguEniHThNhcM2GBQN2N","action":"Initial GetUpdates", "result":"", "context":Reason: NEWLY_SUPPORTED_DATATYPE. cV=rtnguEniHThNhcM2GBQN2N}
{"logTime": "1124/163446", "correlationVector":"rtnguEniHThNhcM2GBQN2N.1","action":"SyncServerConnectionManagerRequest", "result":"SYNC_SERVER_OK", "context":{"environment":"Prod_JapanEast_000f", "migrationStage":"NotStarted", "server":"GENERAL1100000P"}}
{"logTime": "1124/163446", "correlationVector":"rtnguEniHThNhcM2GBQN2N.2","action":"GetUpdates Response", "result":"Success", "context":Received 6 update(s). cV=rtnguEniHThNhcM2GBQN2N.0;server=GENERAL1100000P;cloudType=Consumer;environment=Prod_JapanEast_000f;migrationStage=NotStarted}
{"logTime": "1124/163446", "correlationVector":"Oc5a0ukO4gkuf/QvAR8SRt","action":"Initial GetUpdates", "result":"", "context":Reason: NEWLY_SUPPORTED_DATATYPE. cV=Oc5a0ukO4gkuf/QvAR8SRt}
{"logTime": "1124/163447", "correlationVector":"Oc5a0ukO4gkuf/QvAR8SRt.1","action":"SyncServerConnectionManagerRequest", "result":"SYNC_SERVER_OK", "context":{"environment":"Prod_JapanEast_000f", "migrationStage":"NotStarted", "server":"GENERAL11000012"}}
{"logTime": "1124/163447", "correlationVector":"Oc5a0ukO4gkuf/QvAR8SRt.2","action":"GetUpdates", "result":"DeleteReceived", "context":{"id":"1d65da85-e672-4a57-981b-eeee63f14ce7", "isDeleted:":"true", "version":"1725010881857"}}
{"logTime": "1124/163447", "correlationVector":"Oc5a0ukO4gkuf/QvAR8SRt.3","action":"GetUpdates", "result":"DeleteReceived", "context":{"id":"1320bedc-cb92-4461-a9c7-350154aef82d", "isDeleted:":"true", "version":"1725242025220"}}
{"logTime": "1124/163447", "correlationVector":"Oc5a0ukO4gkuf/QvAR8SRt.4","action":"GetUpdates", "result":"DeleteReceived", "context":{"id":"c4e943e6-8451-4dcd-b447-449bb7dd6aad", "isDeleted:":"true", "version":"1725695045636"}}
{"logTime": "1124/163447", "correlationVector":"Oc5a0ukO4gkuf/QvAR8SRt.5","action":"GetUpdates", "result":"DeleteReceived", "context":{"id":"caeb4f8d-de84-4e91-beee-b6804498ff10", "isDeleted:":"true", "version":"1726292622030"}}
{"logTime": "1124/163447", "correlationVector":"Oc5a0ukO4gkuf/QvAR8SRt.6","action":"GetUpdates", "result":"DeleteReceived", "context":{"id":"a1ba1ab3-38a7-445e-a212-c314f0928efe", "isDeleted:":"true", "version":"1727018334776"}}
{"logTime": "1124/163447", "correlationVector":"Oc5a0ukO4gkuf/QvAR8SRt.7","action":"GetUpdates", "result":"DeleteReceived", "context":{"id":"833e35de-2e74-4400-aee4-c314b3017bce", "isDeleted:":"true", "version":"1727241366421"}}
{"logTime": "1124/163447", "correlationVector":"Oc5a0ukO4gkuf/QvAR8SRt.8","action":"GetUpdates", "result":"DeleteReceived", "context":{"id":"f2d62b93-9a2e-4f4e-ba78-53bed07c006c", "isDeleted:":"true", "version":"1727339203425"}}
{"logTime": "1124/163447", "correlationVector":"Oc5a0ukO4gkuf/QvAR8SRt.9","action":"GetUpdates", "result":"DeleteReceived", "context":{"id":"09f30b06-fcd9-4060-a2cd-1ce3f1e508fb", "isDeleted:":"true", "version":"1727412607065"}}
{"logTime": "1124/163447", "correlationVector":"Oc5a0ukO4gkuf/QvAR8SRt.10","action":"GetUpdates", "result":"DeleteReceived", "context":{"id":"0325c6c6-cda1-4307-accb-084c90a8d38e", "isDeleted:":"true", "version":"1728214909901"}}
{"logTime": "1124/163447", "correlationVector":"Oc5a0ukO4gkuf/QvAR8SRt.11","action":"GetUpdates", "result":"DeleteReceived", "context":{"id":"e8d5e567-9a77-42c2-9527-4123d0e3aa34", "isDeleted:":"true", "version":"1728754744658"}}
{"logTime": "1124/163447", "correlationVector":"Oc5a0ukO4gkuf/QvAR8SRt.12","action":"GetUpdates", "result":"DeleteReceived", "context":{"id":"8e6668c4-ccac-439c-81e0-ab7eb1d433b3", "isDeleted:":"true", "version":"1728754744659"}}
{"logTime": "1124/163447", "correlationVector":"Oc5a0ukO4gkuf/QvAR8SRt.13","action":"GetUpdates", "result":"DeleteReceived", "context":{"id":"e971225e-b72c-42c6-b1a1-f4d50a77e121", "isDeleted:":"true", "version":"1728754744660"}}
{"logTime": "1124/163447", "correlationVector":"Oc5a0ukO4gkuf/QvAR8SRt.14","action":"GetUpdates", "result":"DeleteReceived", "context":{"id":"3c9edaa9-d3bd-4d7c-9224-7032e6966e47", "isDeleted:":"true", "version":"1729434130492"}}
{"logTime": "1124/163447", "correlationVector":"Oc5a0ukO4gkuf/QvAR8SRt.15","action":"GetUpdates", "result":"DeleteReceived", "context":{"id":"8f1e55c1-805a-4f0f-99b4-3af66a5f1621", "isDeleted:":"true", "version":"1729435591631"}}
{"logTime": "1124/163447", "correlationVector":"Oc5a0ukO4gkuf/QvAR8SRt.16","action":"GetUpdates", "result":"DeleteReceived", "context":{"id":"8d49a4d9-dab4-4250-8068-5a38723a5234", "isDeleted:":"true", "version":"1729435591632"}}
{"logTime": "1124/163447", "correlationVector":"Oc5a0ukO4gkuf/QvAR8SRt.17","action":"GetUpdates", "result":"DeleteReceived", "context":{"id":"5140e48a-ede8-466e-9e4c-7da791160d22", "isDeleted:":"true", "version":"1730076896520"}}
{"logTime": "1124/163447", "correlationVector":"Oc5a0ukO4gkuf/QvAR8SRt.18","action":"GetUpdates", "result":"DeleteReceived", "context":{"id":"c2960f8d-0165-4fad-848f-7facdc9c960c", "isDeleted:":"true", "version":"1730431265616"}}
{"logTime": "1124/163447", "correlationVector":"Oc5a0ukO4gkuf/QvAR8SRt.19","action":"GetUpdates", "result":"DeleteReceived", "context":{"id":"cd5c696b-9a01-484e-ad60-1d085218c569", "isDeleted:":"true", "version":"1731339733807"}}
{"logTime": "1124/163447", "correlationVector":"Oc5a0ukO4gkuf/QvAR8SRt.20","action":"GetUpdates", "result":"DeleteReceived", "context":{"id":"479d4aed-e53b-4fd9-be36-18d90f320269", "isDeleted:":"true", "version":"1731406271430"}}
{"logTime": "1124/163447", "correlationVector":"Oc5a0ukO4gkuf/QvAR8SRt.21","action":"GetUpdates", "result":"DeleteReceived", "context":{"id":"3efa958c-e92c-4da6-a75e-26c668b31eb0", "isDeleted:":"true", "version":"1731821569283"}}
{"logTime": "1124/163447", "correlationVector":"Oc5a0ukO4gkuf/QvAR8SRt.22","action":"GetUpdates", "result":"DeleteReceived", "context":{"id":"9c981f2b-cf27-4e27-bafb-d5a383b04be9", "isDeleted:":"true", "version":"1732258248364"}}
{"logTime": "1124/163447", "correlationVector":"Oc5a0ukO4gkuf/QvAR8SRt.23","action":"GetUpdates Response", "result":"Success", "context":Received 52 update(s). cV=Oc5a0ukO4gkuf/QvAR8SRt.0;server=GENERAL11000012;cloudType=Consumer;environment=Prod_JapanEast_000f;migrationStage=NotStarted}
{"logTime": "1124/163447", "correlationVector":"3TIDBH/Uzm4yKXETgyP3yt","action":"Normal GetUpdate request", "result":"", "context":cV=3TIDBH/Uzm4yKXETgyP3yt
Nudged types: Sessions, Device Info, User Consents
Refresh requested types: Bookmarks, Preferences, Passwords, Autofill Profiles, Autofill, Typed URLs, Extensions, Sessions, Extension settings, History Delete Directives, Device Info, User Consents, Send Tab To Self, Web Apps, Collection, Edge E Drop, Edge Hub App Usage, Edge Tab Group, Edge Wallet, Encryption Keys}
{"logTime": "1124/163447", "correlationVector":"3TIDBH/Uzm4yKXETgyP3yt.1","action":"SyncServerConnectionManagerRequest", "result":"SYNC_SERVER_OK", "context":{"environment":"Prod_JapanEast_000f", "migrationStage":"NotStarted", "server":"GENERAL1100000D"}}
{"logTime": "1124/163447", "correlationVector":"3TIDBH/Uzm4yKXETgyP3yt.2","action":"GetUpdates Response", "result":"Success", "context":Received 0 update(s). cV=3TIDBH/Uzm4yKXETgyP3yt.0;server=GENERAL1100000D;cloudType=Consumer;environment=Prod_JapanEast_000f;migrationStage=NotStarted}
{"logTime": "1124/163447", "correlationVector":"V2i4hy4SL5D4FCITvBaKJO","action":"DoCompareDataConsistency requsted types: ", "result":"Bookmarks, Preferences, Passwords, Typed URLs, Extensions, Extension settings, History Delete Directives, Send Tab To Self, Web Apps, Collection, Edge E Drop, Edge Tab Group, Edge Wallet, Encryption Keys"}
{"logTime": "1124/163447", "correlationVector":"V2i4hy4SL5D4FCITvBaKJO.0","action":"CompareDataConsistency result: ", "result":"Compare result: Encryption Keys is consistent. local entities count is: 1 local entities hash is: gYhy/P6ygMcBn5MAJcUNt4LU8EA="}
{"logTime": "1124/163447", "correlationVector":"V2i4hy4SL5D4FCITvBaKJO.1","action":"CompareDataConsistency result: ", "result":"Compare result: Bookmarks is consistent. local entities count is: 4 local entities hash is: 7g3qoHul1PVyUr1y8wBvu22AypM="}
{"logTime": "1124/163447", "correlationVector":"V2i4hy4SL5D4FCITvBaKJO.2","action":"CompareDataConsistency result: ", "result":"Compare result: Preferences is consistent. local entities count is: 62 local entities hash is: q4xnpphRQjyYxaKGmuHPf9uUvRU="}
{"logTime": "1124/163447", "correlationVector":"V2i4hy4SL5D4FCITvBaKJO.3","action":"CompareDataConsistency result: ", "result":"Server did not send this Typed URLs local entities count is: 0 local entities hash is: "}
{"logTime": "1124/163447", "correlationVector":"V2i4hy4SL5D4FCITvBaKJO.4","action":"CompareDataConsistency result: ", "result":"Compare result: Extensions is consistent. local entities count is: 0 local entities hash is: "}
{"logTime": "1124/163447", "correlationVector":"V2i4hy4SL5D4FCITvBaKJO.5","action":"CompareDataConsistency result: ", "result":"Compare result: Extension settings is consistent. local entities count is: 0 local entities hash is: "}
{"logTime": "1124/163447", "correlationVector":"V2i4hy4SL5D4FCITvBaKJO.6","action":"CompareDataConsistency result: ", "result":"Compare result: History Delete Directives is consistent. local entities count is: 0 local entities hash is: "}
{"logTime": "1124/163447", "correlationVector":"V2i4hy4SL5D4FCITvBaKJO.7","action":"CompareDataConsistency result: ", "result":"Server did not send this Send Tab To Self local entities count is: 0 local entities hash is: "}
{"logTime": "1124/163447", "correlationVector":"V2i4hy4SL5D4FCITvBaKJO.8","action":"CompareDataConsistency result: ", "result":"Compare result: Web Apps is consistent. local entities count is: 0 local entities hash is: "}
{"logTime": "1124/163447", "correlationVector":"V2i4hy4SL5D4FCITvBaKJO.9","action":"CompareDataConsistency result: ", "result":"Compare result: Collection is consistent. local entities count is: 0 local entities hash is: "}
{"logTime": "1124/163447", "correlationVector":"V2i4hy4SL5D4FCITvBaKJO.10","action":"CompareDataConsistency result: ", "result":"Compare result: Edge E Drop is consistent. local entities count is: 0 local entities hash is: "}
{"logTime": "1124/163447", "correlationVector":"V2i4hy4SL5D4FCITvBaKJO.11","action":"CompareDataConsistency result: ", "result":"Compare result: Edge Tab Group is consistent. local entities count is: 0 local entities hash is: "}
{"logTime": "1124/163447", "correlationVector":"V2i4hy4SL5D4FCITvBaKJO.12","action":"CompareDataConsistency result: ", "result":"Compare result: Edge Wallet is consistent. local entities count is: 0 local entities hash is: "}
{"logTime": "1124/163447", "correlationVector":"V2i4hy4SL5D4FCITvBaKJO.13","action":"CompareDataConsistency result: ", "result":"Compare result: Passwords is consistent. local entities count is: 19 local entities hash is: wbuVpxibBrnEAXM4ILEGpwTRxU4="}
{"logTime": "1124/163447", "correlationVector":"AYIwrBqGFfpkHJxkDy/qeE","action":"Commit Request", "result":"", "context":Item count: 4
Contributing types: Sessions, Device Info, User Consents}
{"logTime": "1124/163451", "correlationVector":"AYIwrBqGFfpkHJxkDy/qeE.1","action":"SyncServerConnectionManagerRequest", "result":"SYNC_SERVER_OK", "context":{"environment":"Prod_JapanEast_000f", "migrationStage":"NotStarted", "server":"GENERAL1100000B"}}
{"logTime": "1124/163451", "correlationVector":"AYIwrBqGFfpkHJxkDy/qeE.2","action":"Commit Response", "result":"Success", "context":Result: Success. cV=AYIwrBqGFfpkHJxkDy/qeE.0;server=GENERAL1100000B;cloudType=Consumer;environment=Prod_JapanEast_000f;migrationStage=NotStarted}
{"logTime": "1124/163451", "correlationVector":"","action":"DIAGNOSTIC_REQUEST|v1/diagnosticData/Diagnostic.SendCheckResult()|SUCCESS", "result":""}
{"logTime": "1124/163451", "correlationVector":"xQFGkGHmiKWMRKKJUa8Q+W","action":"Commit Request", "result":"", "context":Item count: 1
Contributing types: Sessions}
{"logTime": "1124/163452", "correlationVector":"xQFGkGHmiKWMRKKJUa8Q+W.1","action":"SyncServerConnectionManagerRequest", "result":"SYNC_SERVER_OK", "context":{"environment":"Prod_JapanEast_000f", "migrationStage":"NotStarted", "server":"GENERAL1100000O"}}
{"logTime": "1124/163452", "correlationVector":"xQFGkGHmiKWMRKKJUa8Q+W.2","action":"Commit Response", "result":"Success", "context":Result: Success. cV=xQFGkGHmiKWMRKKJUa8Q+W.0;server=GENERAL1100000O;cloudType=Consumer;environment=Prod_JapanEast_000f;migrationStage=NotStarted}
{"logTime": "1124/163810", "correlationVector":"hxq7ahWv09EMin8yToQVLc","action":"Commit Request", "result":"", "context":Item count: 2
Contributing types: Sessions, User Consents}
{"logTime": "1124/163811", "correlationVector":"hxq7ahWv09EMin8yToQVLc.1","action":"SyncServerConnectionManagerRequest", "result":"SYNC_SERVER_OK", "context":{"environment":"Prod_JapanEast_000f", "migrationStage":"NotStarted", "server":"GENERAL1100000K"}}
{"logTime": "1124/163811", "correlationVector":"hxq7ahWv09EMin8yToQVLc.2","action":"Commit Response", "result":"Success", "context":Result: Success. cV=hxq7ahWv09EMin8yToQVLc.0;server=GENERAL1100000K;cloudType=Consumer;environment=Prod_JapanEast_000f;migrationStage=NotStarted}
